To honour the JVM settings for this build a single-use Daemon process will be forked. For more on this, please refer to https://docs.gradle.org/8.14.3/userguide/gradle_daemon.html#sec:disabling_the_daemon in the Gradle documentation.
Daemon will be stopped at the end of the build 
> Task :HoloUI:checkKotlinGradlePluginConfigurationErrors

> Task :HoloUI:compileKotlin FAILED
e: file:///mnt/files/Workspaces/workspace-kotlin/SneakyMannequins/HoloUI/src/main/kotlin/com/sneakymouse/holoui/HoloHUD.kt:230:33 No value passed for parameter 'yaw'
e: file:///mnt/files/Workspaces/workspace-kotlin/SneakyMannequins/HoloUI/src/main/kotlin/com/sneakymouse/holoui/HoloHUD.kt:230:33 No value passed for parameter 'lineWidth'
e: file:///mnt/files/Workspaces/workspace-kotlin/SneakyMannequins/HoloUI/src/main/kotlin/com/sneakymouse/holoui/HoloHUD.kt:230:33 No value passed for parameter 'interpolationTicks'
e: file:///mnt/files/Workspaces/workspace-kotlin/SneakyMannequins/HoloUI/src/main/kotlin/com/sneakymouse/holoui/HoloHUD.kt:238:45 Val cannot be reassigned

[Incubating] Problems report is available at: file:///mnt/files/Workspaces/workspace-kotlin/SneakyMannequins/build/reports/problems/problems-report.html

FAILURE: Build failed with an exception.

* What went wrong:
Execution failed for task ':HoloUI:compileKotlin'.
> A failure occurred while executing org.jetbrains.kotlin.compilerRunner.GradleCompilerRunnerWithWorkers$GradleKotlinCompilerWorkAction
   > Compilation error. See log for more details

* Try:
> Run with --stacktrace option to get the stack trace.
> Run with --info or --debug option to get more log output.
> Run with --scan to get full insights.
> Get more help at https://help.gradle.org.

Deprecated Gradle features were used in this build, making it incompatible with Gradle 9.0.

You can use '--warning-mode all' to show the individual deprecation warnings and determine if they come from your own scripts or plugins.

For more on this, please refer to https://docs.gradle.org/8.14.3/userguide/command_line_interface.html#sec:command_line_warnings in the Gradle documentation.

BUILD FAILED in 4s
2 actionable tasks: 2 executed
